Vote { joint: true, ids: [], idsj: [], votes: [] }
VoteWon

Vote { joint: true, ids: [1], idsj: [], votes: [0] }
VotePending

Vote { joint: true, ids: [1], idsj: [], votes: [2] }
VoteWon

Vote { joint: true, ids: [1], idsj: [], votes: [1] }
VoteLost

Vote { joint: true, ids: [1], idsj: [1], votes: [0] }
VotePending

Vote { joint: true, ids: [1], idsj: [1], votes: [2] }
VoteWon

Vote { joint: true, ids: [1], idsj: [1], votes: [1] }
VoteLost

Vote { joint: true, ids: [1], idsj: [2], votes: [0, 0] }
VotePending

Vote { joint: true, ids: [1], idsj: [2], votes: [2, 0] }
VotePending

Vote { joint: true, ids: [1], idsj: [2], votes: [2, 2] }
VoteWon

Vote { joint: true, ids: [1], idsj: [2], votes: [2, 1] }
VoteLost

Vote { joint: true, ids: [1], idsj: [2], votes: [1, 0] }
VoteLost

Vote { joint: true, ids: [1], idsj: [2], votes: [1, 1] }
VoteLost

Vote { joint: true, ids: [1], idsj: [2], votes: [1, 2] }
VoteLost

Vote { joint: true, ids: [1, 2], idsj: [3, 4], votes: [0, 0, 0, 0] }
VotePending

Vote { joint: true, ids: [1, 2], idsj: [3, 4], votes: [2, 0, 0, 0] }
VotePending

Vote { joint: true, ids: [1, 2], idsj: [3, 4], votes: [2, 2, 0, 0] }
VotePending

Vote { joint: true, ids: [1, 2], idsj: [3, 4], votes: [2, 2, 1, 0] }
VoteLost

Vote { joint: true, ids: [1, 2], idsj: [3, 4], votes: [2, 2, 1, 1] }
VoteLost

Vote { joint: true, ids: [1, 2], idsj: [3, 4], votes: [2, 2, 2, 1] }
VoteLost

Vote { joint: true, ids: [1, 2], idsj: [3, 4], votes: [2, 2, 2, 2] }
VoteWon

Vote { joint: true, ids: [1, 2], idsj: [2, 3], votes: [0, 0, 0] }
VotePending

Vote { joint: true, ids: [1, 2], idsj: [2, 3], votes: [0, 1, 0] }
VoteLost

Vote { joint: true, ids: [1, 2], idsj: [2, 3], votes: [2, 2, 0] }
VotePending

Vote { joint: true, ids: [1, 2], idsj: [2, 3], votes: [2, 2, 1] }
VoteLost

Vote { joint: true, ids: [1, 2], idsj: [2, 3], votes: [2, 2, 2] }
VoteWon

Vote { joint: true, ids: [1, 2], idsj: [1, 2], votes: [0, 0] }
VotePending

Vote { joint: true, ids: [1, 2], idsj: [1, 2], votes: [2, 0] }
VotePending

Vote { joint: true, ids: [1, 2], idsj: [1, 2], votes: [2, 1] }
VoteLost

Vote { joint: true, ids: [1, 2], idsj: [1, 2], votes: [1, 0] }
VoteLost

Vote { joint: true, ids: [1, 2], idsj: [1, 2], votes: [1, 1] }
VoteLost

Vote { joint: true, ids: [1, 2, 3], idsj: [2, 3, 4], votes: [0, 0, 0, 0] }
VotePending

Vote { joint: true, ids: [1, 2, 3], idsj: [2, 3, 4], votes: [0, 1, 0, 0] }
VotePending

Vote { joint: true, ids: [1, 2, 3], idsj: [2, 3, 4], votes: [0, 1, 1, 0] }
VoteLost

Vote { joint: true, ids: [1, 2, 3], idsj: [2, 3, 4], votes: [0, 2, 2, 0] }
VoteWon

Vote { joint: true, ids: [1, 2, 3], idsj: [2, 3, 4], votes: [2, 2, 0, 0] }
VotePending

Vote { joint: true, ids: [1, 2, 3], idsj: [2, 3, 4], votes: [2, 2, 1, 0] }
VotePending

Vote { joint: true, ids: [1, 2, 3], idsj: [2, 3, 4], votes: [2, 2, 1, 1] }
VoteLost

Vote { joint: true, ids: [1, 2, 3], idsj: [2, 3, 4], votes: [2, 2, 1, 2] }
VoteWon
