simple (ccs=v1)
voters=(1)
1: StateProbe match=0 next=0

enter-joint (auto_leave=false, ccs=v2 l1)
voters=(2)&&(1) learners_next=(1)
1: StateProbe match=0 next=0
2: StateProbe match=0 next=1

leave-joint
voters=(2) learners=(1)
1: StateProbe match=0 next=0 learner
2: StateProbe match=0 next=1
