simple (ccs=v1)
voters=(1)
1: StateProbe match=0 next=0

enter-joint (auto_leave=true, ccs=v2 v3)
voters=(1 2 3)&&(1) autoleave
1: StateProbe match=0 next=0
2: StateProbe match=0 next=1
3: StateProbe match=0 next=1

enter-joint (auto_leave=false, ccs=)
config is already joint

leave-joint
voters=(1 2 3)
1: StateProbe match=0 next=0
2: StateProbe match=0 next=1
3: StateProbe match=0 next=1
